Constructor
1
0
0
1
0
0
1
0
Operations
0
1
1
0
0
1
1
0
1
0
0
0
1
0
Increment, Decrement
1
0
1
0
1
0
1
0
1
Comparison
1
0
0
1
0
1
1
0
