lb
lb(0):0
lb(1):1
lb(2):0
lb(10):0
lb(15):1
lb(1068):0
lb(6981):1
lb(-1):1
lb(-10):0
lb(-277):1
lb(-99637):1
lb(INT_MAX):1
lb(INT_MIN):0
lb(0LL):0
lb(1LL):1
lb(2LL):0
lb(10LL):0
lb(15LL):1
lb(1068LL):0
lb(6981LL):1
lb(9671836294871LL):1
lb(8274639184756LL):0
lb(-1LL):1
lb(-10LL):0
lb(-277LL):1
lb(-99637LL):1
lb(-2847391650019LL):1
lb(82736591827627LL):1
lb(LLONG_MAX):1
lb(LLONG_MIN):0
